// Jest Snapshot v1, https://goo.gl/fbAQLP

exports[`Card Component renders with a snapshot 1`] = `
<div>
  <div
    class="group bg-white rounded-lg p-6 border border-[#DDDDDD] shadow-sm min-h-[185px] flex flex-col justify-between
             hover:shadow-md hover:scale-105 transition-transform duration-300"
    data-testid="allowance-card"
  >
    <div
      class="space-y-1.5"
    >
      <h3
        class="text-base font-medium text-[#232323]"
      >
        Lunch
      </h3>
      <p
        class="text-sm text-[#797979] font-normal"
      >
        Spend Card
      </p>
    </div>
    <div
      class="space-y-[-0.25rem]"
    >
      <div
        class="flex justify-between mb-2"
      >
        <span
          class="text-[#232323] text-sm font-medium"
        >
          50
          % utilised
        </span>
        <span
          class="text-[#9A9A9A] text-sm"
        >
          £
          100
           /
           
          Month
        </span>
      </div>
      <div
        class="bg-[#DDDDDD] w-full h-1 rounded-full"
      >
        <div
          class="bg-[#64D98A] h-full rounded-full"
          data-testid="progress-bar"
          style="width: 50%;"
        />
      </div>
    </div>
  </div>
</div>
`;
